[aidn.jp/index.html]
[backblue.gif]
[fade.gif]
[index.html]
[aidn.jp/apple-touch-icon.png]
[aidn.jp/shared/icon/favicon.ico]
[aidn.jp/shared/main/css/mainc4ca.css]
[cdn.jsdelivr.net/npm/jquery@2.2.4/dist/jquery.min.js]
[aidn.jp/shared/js/commoneccb.js]
[aidn.jp/shared/main/js/indexeccb.js]
[aidn.jp/shared/main/img/disco.svg]
[aidn.jp/index.html]
[aidn.jp/shared/main/css/mainc4ca.css]
[cdn.jsdelivr.net/npm/three@0.96.0/build/three.min.js]
[aidn.jp/sound/index.html]
[aidn.jp/about/index.html]
[aidn.jp/news/index.html]
[aidn.jp/contents/index.html]
[aidn.jp/daniwell/index.html]
[aidn.jp/shared/main/img/menu.svg]
[aidn.jp/news/index.html]
[aidn.jp/shared/main/js/contents.js]
[aidn.jp/contents/index.html]
[aidn.jp/shared/js/common1679.js]
[aidn.jp/shared/main/js/sound1679.js]
[aidn.jp/shared/main/img/close.svg]
[aidn.jp/sound/index.html]
[aidn.jp/shared/main/img/nyancat.gif]
[aidn.jp/about/index.html]
[aidn.jp/se/index.html]
[aidn.jp/daniwell/shared/icon/icon.png]
[aidn.jp/daniwell/shared/icon/favicon.ico]
[aidn.jp/daniwell/shared/css/commonc4ca.css]
[aidn.jp/shared/js/common.js]
[aidn.jp/daniwell/shared/js/commonc4ca.js]
[aidn.jp/daniwell/shared/img/nyancat.gif]
[aidn.jp/daniwell/shared/img/jacket/nyancat_arrangements.png]
[aidn.jp/daniwell/shared/img/jacket/colorful.png]
[aidn.jp/daniwell/shared/img/jacket/wow.png]
[aidn.jp/nyancat10th/index.html]
[aidn.jp/daniwell/shared/img/jacket/nyancat_basic.png]
[aidn.jp/daniwell/shared/img/jacket/mklypn.png]
[aidn.jp/daniwell/shared/img/jacket/uz.png]
[aidn.jp/daniwell/shared/img/jacket/cats_rule.jpg]
[aidn.jp/daniwell/uz/index.html]
[aidn.jp/daniwell/shared/img/jacket/i_nyaned.png]
[aidn.jp/daniwell/shared/img/jacket/love_logic.png]
[aidn.jp/daniwell/shared/img/jacket/nyancat.jpg]
[aidn.jp/daniwell/shared/img/jacket/nyancat_ex.jpg]
[aidn.jp/daniwell/cats/index.html]
[aidn.jp/daniwell/shared/img/jacket/nyanyanya.jpg]
[aidn.jp/daniwell/shared/img/jacket/dlp.png]
[aidn.jp/daniwell/cats/en/index.html]
[aidn.jp/daniwell/shared/img/jacket/sensation.jpg]
[aidn.jp/daniwell/shared/img/jacket/nekoset.jpg]
[aidn.jp/shared/img/twitter.png]
[aidn.jp/shared/img/facebook.png]
[aidn.jp/daniwell/index.html]
[aidn.jp/shared/main/img/disco.svg]
[aidn.jp/shared/main/img/menu.svg]
[aidn.jp/shared/main/img/close.svg]
[aidn.jp/se/icon.png]
[aidn.jp/se/manifest.json]
[aidn.jp/service-worker.js]
[cdn.jsdelivr.net/npm/simplebar@4.1.0/dist/simplebar.min.css]
[aidn.jp/shared/sp/css/common.css]
[aidn.jp/se/css/app.css]
[cdn.jsdelivr.net/npm/bignumber.js@9.0.1/bignumber.min.js]
[cdn.jsdelivr.net/npm/simplebar@4.1.0/dist/simplebar.min.js]
[aidn.jp/shared/js/commonc4ca.js]
[aidn.jp/se/index.html]
[aidn.jp/se/js/app.js]
[aidn.jp/daniwell/shared/css/commonc4ca.css]
[aidn.jp/nyancat10th/icon.png]
[cdn.jsdelivr.net/npm/simplebar@5.3.0/dist/simplebar.min.css]
[aidn.jp/nyancat10th/css/app.css]
[cdn.jsdelivr.net/npm/simplebar@5.3.0/dist/simplebar.min.js]
[cdn.jsdelivr.net/npm/webfontloader@1.6.28/webfontloader.min.js]
[aidn.jp/nyancat10th/js/app.js]
[aidn.jp/nyancat10th/img/jacket.png]
[aidn.jp/nyancat10th/img/goods_1.jpg]
[aidn.jp/nyancat10th/img/goods_1b.jpg]
[aidn.jp/nyancat10th/img/goods_2.jpg]
[aidn.jp/nyancat10th/img/goods_3.jpg]
[aidn.jp/nyancat10th/360/index.html]
[aidn.jp/nyancat10th/img/sign.png]
[aidn.jp/nyancat10th/index.html]
[aidn.jp/daniwell/uz/icon.png]
[aidn.jp/nyancat10th/adsign/index.html]
[aidn.jp/daniwell/uz/css/mainc9f0.css]
[cdn.jsdelivr.net/npm/jquery.easing@1.4.1/jquery.easing.min.js]
[aidn.jp/daniwell/uz/js/uz1679.js]
[aidn.jp/daniwell/uz/img/loading.gif]
[aidn.jp/daniwell/uz/img/magical_daniwell.jpg]
[aidn.jp/daniwell/uz/img/kimiuta_daniwell.jpg]
[aidn.jp/daniwell/uz/img/vomas38_daniwell.jpg]
[aidn.jp/daniwell/uz/img/snowmiku_daniwell.jpg]
[aidn.jp/daniwell/uz/img/cd0.png]
[aidn.jp/daniwell/uz/img/cd1.png]
[aidn.jp/shared/img/twitter_w.png]
[aidn.jp/shared/img/facebook_w.png]
[aidn.jp/shared/img/google_w.png]
[aidn.jp/daniwell/uz/index.html]
[aidn.jp/shared/css/common.css]
[aidn.jp/daniwell/cats/css/main.css]
[aidn.jp/shared/js/lib.js]
[aidn.jp/daniwell/cats/js/main.js]
[aidn.jp/daniwell/cats/img/cat_seq.jpg]
[aidn.jp/daniwell/cats/img/cd.jpg]
[aidn.jp/daniwell/cats/img/vomas33_daniwell.jpg]
[aidn.jp/daniwell/cats/img/vomas34_daniwell.jpg]
[cdn.jsdelivr.net/npm/three@0.85.0/build/three.min.js]
[aidn.jp/daniwell/cats/img/bt_youtube.png]
[aidn.jp/daniwell/cats/img/bt_niconico.png]
[aidn.jp/daniwell/cats/index.html]
[aidn.jp/daniwell/cats/en/index.html]
[cdn.jsdelivr.net/npm/simplebar@4.1.0/dist/simplebar.min.css]
[aidn.jp/shared/sp/css/common.css]
[aidn.jp/se/css/app.css]
[cdn.jsdelivr.net/npm/simplebar@5.3.0/dist/simplebar.min.css]
[aidn.jp/nyancat10th/css/app.css]
[aidn.jp/nyancat10th/360/icon.png]
[aidn.jp/nyancat10th/360/css/appc4ca.css]
[aidn.jp/nyancat10th/360/js/lib.js]
[aidn.jp/nyancat10th/360/js/appc4ca.js]
[aidn.jp/nyancat10th/360/img/qrc4ca.png]
[aidn.jp/nyancat10th/360/index.html]
[aidn.jp/nyancat10th/adsign/icon.png]
[aidn.jp/nyancat10th/adsign/css/app.css]
[aidn.jp/nyancat10th/adsign/js/app.js]
[cdn.jsdelivr.net/npm/three@0.124.0/build/three.min.js]
[cdn.jsdelivr.net/npm/@google/model-viewer@1.6.0/dist/model-viewer.min.js]
[aidn.jp/nyancat10th/adsign/data/0.gz]
[aidn.jp/nyancat10th/adsign/data/1.gz]
[aidn.jp/nyancat10th/adsign/data/2.gz]
[aidn.jp/nyancat10th/adsign/img/aricon.png]
[aidn.jp/nyancat10th/adsign/img/qr.png]
[aidn.jp/nyancat10th/adsign/index.html]
[aidn.jp/daniwell/uz/font/mplus8f14.woff]
[aidn.jp/daniwell/uz/font/mplus8f14.ttf]
[aidn.jp/daniwell/uz/css/mainc9f0.css]
[aidn.jp/daniwell/uz/img/scroll.svg]
[aidn.jp/shared/css/common.css]
[aidn.jp/daniwell/cats/css/main.css]
[aidn.jp/nyancat10th/img/bg.jpg]
[aidn.jp/nyancat10th/360/css/appc4ca.css]
[aidn.jp/nyancat10th/adsign/css/app.css]
[aidn.jp/nyancat10th/daniwell/index.html]
[aidn.jp/daniwell/uz/font/mplus8f14.html]
[aidn.jp/daniwell/uz/img/title.svg]
[platform.twitter.com/widgets.js]
